
   INFO  Server running on [http://127.0.0.1:8000].  

  Press Ctrl+C to stop the server

  PHP Fatal error:  Maximum execution time of 30 seconds exceeded in /Users/ziet/WorkSpace/ziet's project/testing/backend/vendor/laravel/framework/src/Illuminate/Database/Connectors/Connector.php on line 67
  Stack trace:
  #0 /Users/ziet/WorkSpace/ziet's project/testing/backend/vendor/laravel/framework/src/Illuminate/Database/Connectors/Connector.php(67): PDO::connect('pgsql:host=100....', 'ziet_dev', Object(SensitiveParameterValue), Array)
  #1 /Users/ziet/WorkSpace/ziet's project/testing/backend/vendor/laravel/framework/src/Illuminate/Database/Connectors/Connector.php(44): Illuminate\Database\Connectors\Connector->createPdoConnection('pgsql:host=100....', 'ziet_dev', Object(SensitiveParameterValue), Array)
  #2 /Users/ziet/WorkSpace/ziet's project/testing/backend/vendor/laravel/framework/src/Illuminate/Database/Connectors/PostgresConnector.php(35): Illuminate\Database\Connectors\Connector->createConnection('pgsql:host=100....', Array, Array)
  #3 /Users/ziet/WorkSpace/ziet's project/testing/backend/vendor/laravel/framework/src/Illuminate/Database/Connectors/ConnectionFactory.php(186): Illuminate\Database\Connectors\PostgresConnector->connect(Array)
  #4 [internal function]: Illuminate\Database\Connectors\ConnectionFactory->{closure:Illuminate\Database\Connectors\ConnectionFactory::createPdoResolverWithHosts():181}()
  #5 /Users/ziet/WorkSpace/ziet's project/testing/backend/vendor/laravel/framework/src/Illuminate/Database/Connection.php(1257): call_user_func(Object(Closure))
  #6 /Users/ziet/WorkSpace/ziet's project/testing/backend/vendor/laravel/framework/src/Illuminate/Database/Connection.php(525): Illuminate\Database\Connection->getPdo()
  #7 /Users/ziet/WorkSpace/ziet's project/testing/backend/vendor/laravel/framework/src/Illuminate/Database/Connection.php(420): Illuminate\Database\Connection->getPdoForSelect(false)
  #8 /Users/ziet/WorkSpace/ziet's project/testing/backend/vendor/laravel/framework/src/Illuminate/Database/Connection.php(827): Illuminate\Database\Connection->{closure:Illuminate\Database\Connection::select():411}('select count(*)...', Array)
  #9 /Users/ziet/WorkSpace/ziet's project/testing/backend/vendor/laravel/framework/src/Illuminate/Database/Connection.php(794): Illuminate\Database\Connection->runQueryCallback('select count(*)...', Array, Object(Closure))
  #10 /Users/ziet/WorkSpace/ziet's project/testing/backend/vendor/laravel/framework/src/Illuminate/Database/Connection.php(411): Illuminate\Database\Connection->run('select count(*)...', Array, Object(Closure))
  #11 /Users/ziet/WorkSpace/ziet's project/testing/backend/vendor/laravel/framework/src/Illuminate/Database/Query/Builder.php(3505): Illuminate\Database\Connection->select('select count(*)...', Array, false)
  #12 /Users/ziet/WorkSpace/ziet's project/testing/backend/vendor/laravel/framework/src/Illuminate/Database/Query/Builder.php(3490): Illuminate\Database\Query\Builder->runSelect()
  #13 /Users/ziet/WorkSpace/ziet's project/testing/backend/vendor/laravel/framework/src/Illuminate/Database/Query/Builder.php(4080): Illuminate\Database\Query\Builder->{closure:Illuminate\Database\Query\Builder::get():3489}()
  #14 /Users/ziet/WorkSpace/ziet's project/testing/backend/vendor/laravel/framework/src/Illuminate/Database/Query/Builder.php(3489): Illuminate\Database\Query\Builder->onceWithColumns(Array, Object(Closure))
  #15 /Users/ziet/WorkSpace/ziet's project/testing/backend/vendor/laravel/framework/src/Illuminate/Database/Query/Builder.php(4004): Illuminate\Database\Query\Builder->get(Array)
  #16 /Users/ziet/WorkSpace/ziet's project/testing/backend/vendor/laravel/framework/src/Illuminate/Database/Query/Builder.php(3932): Illuminate\Database\Query\Builder->aggregate('count', Array)
  #17 /Users/ziet/WorkSpace/ziet's project/testing/backend/vendor/laravel/framework/src/Illuminate/Validation/DatabasePresenceVerifier.php(53): Illuminate\Database\Query\Builder->count()
  #18 /Users/ziet/WorkSpace/ziet's project/testing/backend/vendor/laravel/framework/src/Illuminate/Validation/Concerns/ValidatesAttributes.php(1083): Illuminate\Validation\DatabasePresenceVerifier->getCount('users', 'email', 'john.doe@exampl...', NULL, NULL, Array)
  #19 /Users/ziet/WorkSpace/ziet's project/testing/backend/vendor/laravel/framework/src/Illuminate/Validation/Validator.php(726): Illuminate\Validation\Validator->validateUnique('email', 'john.doe@exampl...', Array, Object(Illuminate\Validation\Validator))
  #20 /Users/ziet/WorkSpace/ziet's project/testing/backend/vendor/laravel/framework/src/Illuminate/Validation/Validator.php(481): Illuminate\Validation\Validator->validateAttribute('email', 'Unique')
  #21 /Users/ziet/WorkSpace/ziet's project/testing/backend/vendor/laravel/framework/src/Illuminate/Validation/Validator.php(516): Illuminate\Validation\Validator->passes()
  #22 /Users/ziet/WorkSpace/ziet's project/testing/backend/vendor/laravel/framework/src/Illuminate/Validation/Validator.php(598): Illuminate\Validation\Validator->fails()
  #23 /Users/ziet/WorkSpace/ziet's project/testing/backend/vendor/laravel/framework/src/Illuminate/Foundation/Providers/FoundationServiceProvider.php(156): Illuminate\Validation\Validator->validate()
  #24 /Users/ziet/WorkSpace/ziet's project/testing/backend/vendor/laravel/framework/src/Illuminate/Macroable/Traits/Macroable.php(126): Illuminate\Http\Request->{closure:Illuminate\Foundation\Providers\FoundationServiceProvider::registerRequestValidation():148}(Array)
  #25 /Users/ziet/WorkSpace/ziet's project/testing/backend/app/Http/Controllers/AuthController.php(14): Illuminate\Http\Request->__call('validate', Array)
  #26 /Users/ziet/WorkSpace/ziet's project/testing/backend/vendor/laravel/framework/src/Illuminate/Routing/ControllerDispatcher.php(46): App\Http\Controllers\AuthController->register(Object(Illuminate\Http\Request))
  #27 /Users/ziet/WorkSpace/ziet's project/testing/backend/vendor/laravel/framework/src/Illuminate/Routing/Route.php(265): Illuminate\Routing\ControllerDispatcher->dispatch(Object(Illuminate\Routing\Route), Object(App\Http\Controllers\AuthController), 'register')
  #28 /Users/ziet/WorkSpace/ziet's project/testing/backend/vendor/laravel/framework/src/Illuminate/Routing/Route.php(211): Illuminate\Routing\Route->runController()
  #29 /Users/ziet/WorkSpace/ziet's project/testing/backend/vendor/laravel/framework/src/Illuminate/Routing/Router.php(822): Illuminate\Routing\Route->run()
  #30 /Users/ziet/WorkSpace/ziet's project/testing/backend/vendor/laravel/framework/src/Illuminate/Pipeline/Pipeline.php(180): Illuminate\Routing\Router->{closure:Illuminate\Routing\Router::runRouteWithinStack():821}(Object(Illuminate\Http\Request))
  #31 /Users/ziet/WorkSpace/ziet's project/testing/backend/vendor/laravel/framework/src/Illuminate/Routing/Middleware/SubstituteBindings.php(50): Illuminate\Pipeline\Pipeline->{closure:Illuminate\Pipeline\Pipeline::prepareDestination():178}(Object(Illuminate\Http\Request))
  #32 /Users/ziet/WorkSpace/ziet's project/testing/backend/vendor/laravel/framework/src/Illuminate/Pipeline/Pipeline.php(219): Illuminate\Routing\Middleware\SubstituteBindings->handle(Object(Illuminate\Http\Request), Object(Closure))
  #33 /Users/ziet/WorkSpace/ziet's project/testing/backend/vendor/laravel/framework/src/Illuminate/Pipeline/Pipeline.php(137): Illuminate\Pipeline\Pipeline->{closure:{closure:Illuminate\Pipeline\Pipeline::carry():194}:195}(Object(Illuminate\Http\Request))
  #34 /Users/ziet/WorkSpace/ziet's project/testing/backend/vendor/laravel/framework/src/Illuminate/Routing/Router.php(821): Illuminate\Pipeline\Pipeline->then(Object(Closure))
  #35 /Users/ziet/WorkSpace/ziet's project/testing/backend/vendor/laravel/framework/src/Illuminate/Routing/Router.php(800): Illuminate\Routing\Router->runRouteWithinStack(Object(Illuminate\Routing\Route), Object(Illuminate\Http\Request))
  #36 /Users/ziet/WorkSpace/ziet's project/testing/backend/vendor/laravel/framework/src/Illuminate/Routing/Router.php(764): Illuminate\Routing\Router->runRoute(Object(Illuminate\Http\Request), Object(Illuminate\Routing\Route))
  #37 /Users/ziet/WorkSpace/ziet's project/testing/backend/vendor/laravel/framework/src/Illuminate/Routing/Router.php(753): Illuminate\Routing\Router->dispatchToRoute(Object(Illuminate\Http\Request))
  #38 /Users/ziet/WorkSpace/ziet's project/testing/backend/vendor/laravel/framework/src/Illuminate/Foundation/Http/Kernel.php(200): Illuminate\Routing\Router->dispatch(Object(Illuminate\Http\Request))
  #39 /Users/ziet/WorkSpace/ziet's project/testing/backend/vendor/laravel/framework/src/Illuminate/Pipeline/Pipeline.php(180): Illuminate\Foundation\Http\Kernel->{closure:Illuminate\Foundation\Http\Kernel::dispatchToRouter():197}(Object(Illuminate\Http\Request))
  #40 /Users/ziet/WorkSpace/ziet's project/testing/backend/vendor/laravel/framework/src/Illuminate/Foundation/Http/Middleware/TransformsRequest.php(21): Illuminate\Pipeline\Pipeline->{closure:Illuminate\Pipeline\Pipeline::prepareDestination():178}(Object(Illuminate\Http\Request))
  #41 /Users/ziet/WorkSpace/ziet's project/testing/backend/vendor/laravel/framework/src/Illuminate/Foundation/Http/Middleware/ConvertEmptyStringsToNull.php(31): Illuminate\Foundation\Http\Middleware\TransformsRequest->handle(Object(Illuminate\Http\Request), Object(Closure))
  #42 /Users/ziet/WorkSpace/ziet's project/testing/backend/vendor/laravel/framework/src/Illuminate/Pipeline/Pipeline.php(219): Illuminate\Foundation\Http\Middleware\ConvertEmptyStringsToNull->handle(Object(Illuminate\Http\Request), Object(Closure))
  #43 /Users/ziet/WorkSpace/ziet's project/testing/backend/vendor/laravel/framework/src/Illuminate/Foundation/Http/Middleware/TransformsRequest.php(21): Illuminate\Pipeline\Pipeline->{closure:{closure:Illuminate\Pipeline\Pipeline::carry():194}:195}(Object(Illuminate\Http\Request))
  #44 /Users/ziet/WorkSpace/ziet's project/testing/backend/vendor/laravel/framework/src/Illuminate/Foundation/Http/Middleware/TrimStrings.php(51): Illuminate\Foundation\Http\Middleware\TransformsRequest->handle(Object(Illuminate\Http\Request), Object(Closure))
  #45 /Users/ziet/WorkSpace/ziet's project/testing/backend/vendor/laravel/framework/src/Illuminate/Pipeline/Pipeline.php(219): Illuminate\Foundation\Http\Middleware\TrimStrings->handle(Object(Illuminate\Http\Request), Object(Closure))
  #46 /Users/ziet/WorkSpace/ziet's project/testing/backend/vendor/laravel/framework/src/Illuminate/Http/Middleware/ValidatePostSize.php(27): Illuminate\Pipeline\Pipeline->{closure:{closure:Illuminate\Pipeline\Pipeline::carry():194}:195}(Object(Illuminate\Http\Request))
  #47 /Users/ziet/WorkSpace/ziet's project/testing/backend/vendor/laravel/framework/src/Illuminate/Pipeline/Pipeline.php(219): Illuminate\Http\Middleware\ValidatePostSize->handle(Object(Illuminate\Http\Request), Object(Closure))
  #48 /Users/ziet/WorkSpace/ziet's project/testing/backend/vendor/laravel/framework/src/Illuminate/Foundation/Http/Middleware/PreventRequestsDuringMaintenance.php(109): Illuminate\Pipeline\Pipeline->{closure:{closure:Illuminate\Pipeline\Pipeline::carry():194}:195}(Object(Illuminate\Http\Request))
  #49 /Users/ziet/WorkSpace/ziet's project/testing/backend/vendor/laravel/framework/src/Illuminate/Pipeline/Pipeline.php(219): Illuminate\Foundation\Http\Middleware\PreventRequestsDuringMaintenance->handle(Object(Illuminate\Http\Request), Object(Closure))
  #50 /Users/ziet/WorkSpace/ziet's project/testing/backend/vendor/laravel/framework/src/Illuminate/Http/Middleware/HandleCors.php(74): Illuminate\Pipeline\Pipeline->{closure:{closure:Illuminate\Pipeline\Pipeline::carry():194}:195}(Object(Illuminate\Http\Request))
  #51 /Users/ziet/WorkSpace/ziet's project/testing/backend/vendor/laravel/framework/src/Illuminate/Pipeline/Pipeline.php(219): Illuminate\Http\Middleware\HandleCors->handle(Object(Illuminate\Http\Request), Object(Closure))
  #52 /Users/ziet/WorkSpace/ziet's project/testing/backend/vendor/laravel/framework/src/Illuminate/Http/Middleware/TrustProxies.php(58): Illuminate\Pipeline\Pipeline->{closure:{closure:Illuminate\Pipeline\Pipeline::carry():194}:195}(Object(Illuminate\Http\Request))
  #53 /Users/ziet/WorkSpace/ziet's project/testing/backend/vendor/laravel/framework/src/Illuminate/Pipeline/Pipeline.php(219): Illuminate\Http\Middleware\TrustProxies->handle(Object(Illuminate\Http\Request), Object(Closure))
  #54 /Users/ziet/WorkSpace/ziet's project/testing/backend/vendor/laravel/framework/src/Illuminate/Foundation/Http/Middleware/InvokeDeferredCallbacks.php(22): Illuminate\Pipeline\Pipeline->{closure:{closure:Illuminate\Pipeline\Pipeline::carry():194}:195}(Object(Illuminate\Http\Request))
  #55 /Users/ziet/WorkSpace/ziet's project/testing/backend/vendor/laravel/framework/src/Illuminate/Pipeline/Pipeline.php(219): Illuminate\Foundation\Http\Middleware\InvokeDeferredCallbacks->handle(Object(Illuminate\Http\Request), Object(Closure))
  #56 /Users/ziet/WorkSpace/ziet's project/testing/backend/vendor/laravel/framework/src/Illuminate/Http/Middleware/ValidatePathEncoding.php(26): Illuminate\Pipeline\Pipeline->{closure:{closure:Illuminate\Pipeline\Pipeline::carry():194}:195}(Object(Illuminate\Http\Request))
  #57 /Users/ziet/WorkSpace/ziet's project/testing/backend/vendor/laravel/framework/src/Illuminate/Pipeline/Pipeline.php(219): Illuminate\Http\Middleware\ValidatePathEncoding->handle(Object(Illuminate\Http\Request), Object(Closure))
  #58 /Users/ziet/WorkSpace/ziet's project/testing/backend/vendor/laravel/framework/src/Illuminate/Pipeline/Pipeline.php(137): Illuminate\Pipeline\Pipeline->{closure:{closure:Illuminate\Pipeline\Pipeline::carry():194}:195}(Object(Illuminate\Http\Request))
  #59 /Users/ziet/WorkSpace/ziet's project/testing/backend/vendor/laravel/framework/src/Illuminate/Foundation/Http/Kernel.php(175): Illuminate\Pipeline\Pipeline->then(Object(Closure))
  #60 /Users/ziet/WorkSpace/ziet's project/testing/backend/vendor/laravel/framework/src/Illuminate/Foundation/Http/Kernel.php(144): Illuminate\Foundation\Http\Kernel->sendRequestThroughRouter(Object(Illuminate\Http\Request))
  #61 /Users/ziet/WorkSpace/ziet's project/testing/backend/vendor/laravel/framework/src/Illuminate/Foundation/Application.php(1220): Illuminate\Foundation\Http\Kernel->handle(Object(Illuminate\Http\Request))
  #62 /Users/ziet/WorkSpace/ziet's project/testing/backend/public/index.php(20): Illuminate\Foundation\Application->handleRequest(Object(Illuminate\Http\Request))
  #63 /Users/ziet/WorkSpace/ziet's project/testing/backend/vendor/laravel/framework/src/Illuminate/Foundation/resources/server.php(23): require_once('/Users/ziet/Wor...')
  #64 {main}
  2026-05-04 03:44:30 /api/auth/register .............................. ~ 30s
  2026-05-04 03:45:00 /api/auth/register ........................... ~ 0.51ms

   INFO  Environment modified. Restarting server...  

   INFO  Server running on [http://127.0.0.1:8000].  

  Press Ctrl+C to stop the server

